// Vitest Snapshot v1, https://vitest.dev/guide/snapshot.html

exports[`should match snapshot 1`] = `
<DocumentFragment>
  <li>
    <div
      class="card"
    >
      <h3
        class="card-title"
      >
        test company 1
      </h3>
      <div
        class="card-body"
      >
        <p
          class="card-text"
        >
          this is a test
        </p>
        <img
          alt="company logo"
          src="test logo"
        />
      </div>
    </div>
  </li>
</DocumentFragment>
`;
