// Vitest Snapshot v1, https://vitest.dev/guide/snapshot.html

exports[`should match snapshot 1`] = `
<DocumentFragment>
  <nav
    class="navbar navbar-dark bg-secondary"
  >
    <div
      class="container-fluid"
    >
      <ul
        class="d-flex align-items-center nav"
      >
        <li
          class="nav-item"
        >
          <a
            aria-current="page"
            class="navbar-brand active"
            href="/"
          >
            React-Jobly
          </a>
        </li>
      </ul>
      <li
        class="nav-item"
        style="list-style: none;"
      >
        <a
          class=""
          href="/login"
        >
          Login
        </a>
        <a
          class=""
          href="/signup"
        >
          Sign Up
        </a>
      </li>
    </div>
  </nav>
</DocumentFragment>
`;
